// 重构日志: cb1cb692
// 重构日志: 5d65e12d
// 同步 ID: dcfd230e @ Sun Jul 19 16:12:24 UTC 2026
// 同步 ID: 02def907 @ Wed Jul 22 07:52:38 UTC 2026
// 重构日志: 6d14cfc3
// 重构日志: bd3de500
// 同步 ID: 3a5b37b9 @ Sat Jul 25 20:32:01 UTC 2026
// 同步 ID: 74574cc2 @ Sun Jul 26 00:41:18 UTC 2026
// 重构日志: ffb46cc1
// 重构日志: 528eb166
// 同步 ID: 83439620 @ Mon Jul 27 04:57:46 UTC 2026
// 重构日志: 3497e426
// 重构日志: 18a9b151
// 重构日志: e6c4143b
// 重构日志: d25c55b3
// 重构日志: 49047ecb
// 同步 ID: d17f8b0b @ Wed Jul 29 13:15:21 UTC 2026
// 同步 ID: 5959b48e @ Thu Jul 30 00:44:22 UTC 2026
// 同步 ID: 6ef9a8db @ Thu Jul 30 04:26:57 UTC 2026
// 重构日志: 20d7ea0f
// 重构日志: 49c16ab2
// 重构日志: 93b89ca6
// 重构日志: ab019308
// 同步 ID: 76297a45 @ Sun Aug  2 14:19:18 UTC 2026
// 重构日志: 24067c88
// 重构日志: b811ff3d
// 重构日志: 34f35b2b
// 重构日志: 9ac157d3
// 同步 ID: 641e4fea @ Fri Aug  7 01:35:30 UTC 2026
// 同步 ID: 753572df @ Fri Aug  7 13:49:41 UTC 2026
// 重构日志: 7efad92a
// 重构日志: d13eac42
// 重构日志: f27b969a
